// Jest Snapshot v1, https://goo.gl/fbAQLP

exports[`icon-element icon matches the snapshot 1`] = `
"[36m<icon-element[39m
  [33micon[39m=[32m"person"[39m
[36m/>[39m"
`;
